2026-03-22 00:40:51 | INFO  | phase5_compare | Logging to file: /scratch/vishakha.agrawal/antibiotic-selectivity/logs/phase5_compare.log
2026-03-22 00:40:51 | INFO  | phase5_compare | ============================================================
2026-03-22 00:40:51 | INFO  | phase5_compare |  STARTING: Phase 5: Cross-Model Comparative Analysis
2026-03-22 00:40:51 | INFO  | phase5_compare | ============================================================
2026-03-22 00:40:51 | INFO  | phase5_compare |   Loaded: rf (7 tasks)
2026-03-22 00:40:51 | INFO  | phase5_compare |   Loaded: dmpnn (7 tasks)
2026-03-22 00:40:51 | INFO  | phase5_compare |   Loaded: chemeleon_frozen (7 tasks)
2026-03-22 00:40:51 | INFO  | phase5_compare |   Loaded: molformer (7 tasks)
2026-03-22 00:40:51 | INFO  | phase5_compare | 
  Building comparison tables...
2026-03-22 00:40:51 | INFO  | phase5_compare |   Full metrics: 24 rows x 23 columns
2026-03-22 00:40:51 | INFO  | phase5_compare |   LaTeX table: /scratch/vishakha.agrawal/antibiotic-selectivity/outputs/runs/run_20260315_034033/results/comparison_summary.tex
2026-03-22 00:40:51 | INFO  | phase5_compare | 
  Generating comparison plots...
2026-03-22 00:40:52 | INFO  | phase5_compare |   Saved: /scratch/vishakha.agrawal/antibiotic-selectivity/outputs/runs/run_20260315_034033/results/figures/comparison_bar_mean_roc_auc.png
2026-03-22 00:40:52 | INFO  | phase5_compare |   Saved: /scratch/vishakha.agrawal/antibiotic-selectivity/outputs/runs/run_20260315_034033/results/figures/comparison_bar_mean_pr_auc.png
2026-03-22 00:40:53 | INFO  | phase5_compare |   Saved: /scratch/vishakha.agrawal/antibiotic-selectivity/outputs/runs/run_20260315_034033/results/figures/comparison_bar_mean_mcc.png
2026-03-22 00:40:53 | INFO  | phase5_compare |   Saved: /scratch/vishakha.agrawal/antibiotic-selectivity/outputs/runs/run_20260315_034033/results/figures/comparison_3d_mean_roc_auc.html
2026-03-22 00:40:53 | INFO  | phase5_compare |   Saved: /scratch/vishakha.agrawal/antibiotic-selectivity/outputs/runs/run_20260315_034033/results/figures/comparison_3d_mean_mcc.html
2026-03-22 00:40:56 | INFO  | phase5_compare | 
  Screening list overlap analysis...
2026-03-22 00:40:56 | INFO  | phase5_compare |   Screening overlap: /scratch/vishakha.agrawal/antibiotic-selectivity/outputs/runs/run_20260315_034033/results/screening_overlap.csv
2026-03-22 00:40:56 | INFO  | phase5_compare | 
================================================================================
2026-03-22 00:40:56 | INFO  | phase5_compare |   COMPARISON SUMMARY
2026-03-22 00:40:56 | INFO  | phase5_compare | ================================================================================
2026-03-22 00:40:56 | INFO  | phase5_compare | 
  E. coli:
2026-03-22 00:40:56 | INFO  | phase5_compare |     RF + Morgan FP                      ROC-AUC = 0.8765 +/- 0.0107
2026-03-22 00:40:56 | INFO  | phase5_compare |     D-MPNN (Chemprop)                   ROC-AUC = 0.8525 +/- 0.0123
2026-03-22 00:40:56 | INFO  | phase5_compare |     CheMeleon (Frozen Enc.)             ROC-AUC = 0.8330 +/- 0.0113
2026-03-22 00:40:56 | INFO  | phase5_compare |     MoLFormer-XL (Transformer)          ROC-AUC = 0.8378 +/- 0.0178
2026-03-22 00:40:56 | INFO  | phase5_compare | 
  S. aureus:
2026-03-22 00:40:56 | INFO  | phase5_compare |     RF + Morgan FP                      ROC-AUC = 0.8708 +/- 0.0073
2026-03-22 00:40:56 | INFO  | phase5_compare |     D-MPNN (Chemprop)                   ROC-AUC = 0.8544 +/- 0.0125
2026-03-22 00:40:56 | INFO  | phase5_compare |     CheMeleon (Frozen Enc.)             ROC-AUC = 0.8311 +/- 0.0100
2026-03-22 00:40:56 | INFO  | phase5_compare |     MoLFormer-XL (Transformer)          ROC-AUC = 0.8346 +/- 0.0150
2026-03-22 00:40:56 | INFO  | phase5_compare | 
  P. aeruginosa:
2026-03-22 00:40:56 | INFO  | phase5_compare |     RF + Morgan FP                      ROC-AUC = 0.8610 +/- 0.0135
2026-03-22 00:40:56 | INFO  | phase5_compare |     D-MPNN (Chemprop)                   ROC-AUC = 0.8379 +/- 0.0131
2026-03-22 00:40:56 | INFO  | phase5_compare |     CheMeleon (Frozen Enc.)             ROC-AUC = 0.8204 +/- 0.0184
2026-03-22 00:40:56 | INFO  | phase5_compare |     MoLFormer-XL (Transformer)          ROC-AUC = 0.8275 +/- 0.0110
2026-03-22 00:40:56 | INFO  | phase5_compare | 
  M. tuberculosis:
2026-03-22 00:40:56 | INFO  | phase5_compare |     RF + Morgan FP                      ROC-AUC = 0.8112 +/- 0.0178
2026-03-22 00:40:56 | INFO  | phase5_compare |     D-MPNN (Chemprop)                   ROC-AUC = 0.7599 +/- 0.0232
2026-03-22 00:40:56 | INFO  | phase5_compare |     CheMeleon (Frozen Enc.)             ROC-AUC = 0.7620 +/- 0.0129
2026-03-22 00:40:56 | INFO  | phase5_compare |     MoLFormer-XL (Transformer)          ROC-AUC = 0.7640 +/- 0.0177
2026-03-22 00:40:56 | INFO  | phase5_compare | 
  Gut Harm (t=10):
2026-03-22 00:40:56 | INFO  | phase5_compare |     RF + Morgan FP                      ROC-AUC = 0.8232 +/- 0.0898
2026-03-22 00:40:56 | INFO  | phase5_compare |     D-MPNN (Chemprop)                   ROC-AUC = 0.8410 +/- 0.0391
2026-03-22 00:40:56 | INFO  | phase5_compare |     CheMeleon (Frozen Enc.)             ROC-AUC = 0.8122 +/- 0.0709
2026-03-22 00:40:56 | INFO  | phase5_compare |     MoLFormer-XL (Transformer)          ROC-AUC = 0.8219 +/- 0.0640
2026-03-22 00:40:56 | INFO  | phase5_compare | 
  Gut Harm (t=15):
2026-03-22 00:40:56 | INFO  | phase5_compare | 
  Gut Harm (t=20):
2026-03-22 00:40:56 | INFO  | phase5_compare |     RF + Morgan FP                      ROC-AUC = 0.8798 +/- 0.0500
2026-03-22 00:40:56 | INFO  | phase5_compare |     D-MPNN (Chemprop)                   ROC-AUC = 0.8776 +/- 0.0716
2026-03-22 00:40:56 | INFO  | phase5_compare |     CheMeleon (Frozen Enc.)             ROC-AUC = 0.8581 +/- 0.0759
2026-03-22 00:40:56 | INFO  | phase5_compare |     MoLFormer-XL (Transformer)          ROC-AUC = 0.8616 +/- 0.0665
2026-03-22 00:40:56 | INFO  | phase5_compare | 
  BEST MODEL PER TASK (by ROC-AUC):
2026-03-22 00:40:56 | INFO  | phase5_compare |     E. coli                   -> RF + Morgan FP (0.8765)
2026-03-22 00:40:56 | INFO  | phase5_compare |     S. aureus                 -> RF + Morgan FP (0.8708)
2026-03-22 00:40:56 | INFO  | phase5_compare |     P. aeruginosa             -> RF + Morgan FP (0.8610)
2026-03-22 00:40:56 | INFO  | phase5_compare |     M. tuberculosis           -> RF + Morgan FP (0.8112)
2026-03-22 00:40:56 | INFO  | phase5_compare |     Gut Harm (t=10)           -> D-MPNN (Chemprop) (0.8410)
2026-03-22 00:40:56 | INFO  | phase5_compare |     Gut Harm (t=20)           -> RF + Morgan FP (0.8798)
2026-03-22 00:40:56 | INFO  | phase5_compare | ============================================================
2026-03-22 00:40:56 | INFO  | phase5_compare |  COMPLETED: Phase 5: Cross-Model Comparative Analysis
2026-03-22 00:40:56 | INFO  | phase5_compare |  Elapsed: 0m 5.2s
2026-03-22 00:40:56 | INFO  | phase5_compare | ============================================================
2026-04-02 17:39:14 | INFO  | phase5_compare | Logging to file: /scratch/vishakha.agrawal/antibiotic-selectivity-v2/logs/phase5_compare.log
2026-04-02 17:39:14 | INFO  | phase5_compare | ============================================================
2026-04-02 17:39:14 | INFO  | phase5_compare |  STARTING: Phase 5: Cross-Model Comparative Analysis
2026-04-02 17:39:14 | INFO  | phase5_compare | ============================================================
2026-04-02 17:39:14 | INFO  | phase5_compare |   Loaded: rf (7 tasks)
2026-04-02 17:39:15 | INFO  | phase5_compare |   Loaded: dmpnn (7 tasks)
2026-04-02 17:39:15 | INFO  | phase5_compare |   Loaded: chemeleon_frozen (7 tasks)
2026-04-02 17:39:15 | INFO  | phase5_compare |   Loaded: molformer (7 tasks)
2026-04-02 17:39:15 | INFO  | phase5_compare | 
  Building comparison tables...
2026-04-02 17:39:15 | INFO  | phase5_compare |   Full metrics: 24 rows x 23 columns
2026-04-02 17:39:15 | INFO  | phase5_compare |   LaTeX table: /scratch/vishakha.agrawal/antibiotic-selectivity-v2/outputs/runs/run_20260315_034033/results/comparison_summary.tex
2026-04-02 17:39:15 | INFO  | phase5_compare | 
  Generating comparison plots...
2026-04-02 17:39:15 | INFO  | phase5_compare |   Saved: /scratch/vishakha.agrawal/antibiotic-selectivity-v2/outputs/runs/run_20260315_034033/results/figures/comparison_bar_mean_roc_auc.png
2026-04-02 17:39:16 | INFO  | phase5_compare |   Saved: /scratch/vishakha.agrawal/antibiotic-selectivity-v2/outputs/runs/run_20260315_034033/results/figures/comparison_bar_mean_pr_auc.png
2026-04-02 17:39:16 | INFO  | phase5_compare |   Saved: /scratch/vishakha.agrawal/antibiotic-selectivity-v2/outputs/runs/run_20260315_034033/results/figures/comparison_bar_mean_mcc.png
2026-04-02 17:39:17 | INFO  | phase5_compare |   Saved: /scratch/vishakha.agrawal/antibiotic-selectivity-v2/outputs/runs/run_20260315_034033/results/figures/comparison_3d_mean_roc_auc.html
2026-04-02 17:39:17 | INFO  | phase5_compare |   Saved: /scratch/vishakha.agrawal/antibiotic-selectivity-v2/outputs/runs/run_20260315_034033/results/figures/comparison_3d_mean_mcc.html
2026-04-02 17:39:20 | INFO  | phase5_compare | 
  Screening list overlap analysis...
2026-04-02 17:39:21 | INFO  | phase5_compare |   Screening overlap: /scratch/vishakha.agrawal/antibiotic-selectivity-v2/outputs/runs/run_20260315_034033/results/screening_overlap.csv
2026-04-02 17:39:21 | INFO  | phase5_compare | 
================================================================================
2026-04-02 17:39:21 | INFO  | phase5_compare |   COMPARISON SUMMARY
2026-04-02 17:39:21 | INFO  | phase5_compare | ================================================================================
2026-04-02 17:39:21 | INFO  | phase5_compare | 
  E. coli:
2026-04-02 17:39:21 | INFO  | phase5_compare |     RF + Morgan FP                      ROC-AUC = 0.8765 +/- 0.0107
2026-04-02 17:39:21 | INFO  | phase5_compare |     D-MPNN (Chemprop)                   ROC-AUC = 0.8525 +/- 0.0123
2026-04-02 17:39:21 | INFO  | phase5_compare |     CheMeleon (Frozen Enc.)             ROC-AUC = 0.8330 +/- 0.0113
2026-04-02 17:39:21 | INFO  | phase5_compare |     MoLFormer-XL (Transformer)          ROC-AUC = 0.8378 +/- 0.0178
2026-04-02 17:39:21 | INFO  | phase5_compare | 
  S. aureus:
2026-04-02 17:39:21 | INFO  | phase5_compare |     RF + Morgan FP                      ROC-AUC = 0.8708 +/- 0.0073
2026-04-02 17:39:21 | INFO  | phase5_compare |     D-MPNN (Chemprop)                   ROC-AUC = 0.8544 +/- 0.0125
2026-04-02 17:39:21 | INFO  | phase5_compare |     CheMeleon (Frozen Enc.)             ROC-AUC = 0.8311 +/- 0.0100
2026-04-02 17:39:21 | INFO  | phase5_compare |     MoLFormer-XL (Transformer)          ROC-AUC = 0.8346 +/- 0.0150
2026-04-02 17:39:21 | INFO  | phase5_compare | 
  P. aeruginosa:
2026-04-02 17:39:21 | INFO  | phase5_compare |     RF + Morgan FP                      ROC-AUC = 0.8610 +/- 0.0135
2026-04-02 17:39:21 | INFO  | phase5_compare |     D-MPNN (Chemprop)                   ROC-AUC = 0.8379 +/- 0.0131
2026-04-02 17:39:21 | INFO  | phase5_compare |     CheMeleon (Frozen Enc.)             ROC-AUC = 0.8204 +/- 0.0184
2026-04-02 17:39:21 | INFO  | phase5_compare |     MoLFormer-XL (Transformer)          ROC-AUC = 0.8275 +/- 0.0110
2026-04-02 17:39:21 | INFO  | phase5_compare | 
  M. tuberculosis:
2026-04-02 17:39:21 | INFO  | phase5_compare |     RF + Morgan FP                      ROC-AUC = 0.8112 +/- 0.0178
2026-04-02 17:39:21 | INFO  | phase5_compare |     D-MPNN (Chemprop)                   ROC-AUC = 0.7599 +/- 0.0232
2026-04-02 17:39:21 | INFO  | phase5_compare |     CheMeleon (Frozen Enc.)             ROC-AUC = 0.7620 +/- 0.0129
2026-04-02 17:39:21 | INFO  | phase5_compare |     MoLFormer-XL (Transformer)          ROC-AUC = 0.7640 +/- 0.0177
2026-04-02 17:39:21 | INFO  | phase5_compare | 
  Gut Harm (t=10):
2026-04-02 17:39:21 | INFO  | phase5_compare |     RF + Morgan FP                      ROC-AUC = 0.8232 +/- 0.0898
2026-04-02 17:39:21 | INFO  | phase5_compare |     D-MPNN (Chemprop)                   ROC-AUC = 0.8410 +/- 0.0391
2026-04-02 17:39:21 | INFO  | phase5_compare |     CheMeleon (Frozen Enc.)             ROC-AUC = 0.8122 +/- 0.0709
2026-04-02 17:39:21 | INFO  | phase5_compare |     MoLFormer-XL (Transformer)          ROC-AUC = 0.8219 +/- 0.0640
2026-04-02 17:39:21 | INFO  | phase5_compare | 
  Gut Harm (t=15):
2026-04-02 17:39:21 | INFO  | phase5_compare | 
  Gut Harm (t=20):
2026-04-02 17:39:21 | INFO  | phase5_compare |     RF + Morgan FP                      ROC-AUC = 0.8798 +/- 0.0500
2026-04-02 17:39:21 | INFO  | phase5_compare |     D-MPNN (Chemprop)                   ROC-AUC = 0.8776 +/- 0.0716
2026-04-02 17:39:21 | INFO  | phase5_compare |     CheMeleon (Frozen Enc.)             ROC-AUC = 0.8581 +/- 0.0759
2026-04-02 17:39:21 | INFO  | phase5_compare |     MoLFormer-XL (Transformer)          ROC-AUC = 0.8616 +/- 0.0665
2026-04-02 17:39:21 | INFO  | phase5_compare | 
  BEST MODEL PER TASK (by ROC-AUC):
2026-04-02 17:39:21 | INFO  | phase5_compare |     E. coli                   -> RF + Morgan FP (0.8765)
2026-04-02 17:39:21 | INFO  | phase5_compare |     S. aureus                 -> RF + Morgan FP (0.8708)
2026-04-02 17:39:21 | INFO  | phase5_compare |     P. aeruginosa             -> RF + Morgan FP (0.8610)
2026-04-02 17:39:21 | INFO  | phase5_compare |     M. tuberculosis           -> RF + Morgan FP (0.8112)
2026-04-02 17:39:21 | INFO  | phase5_compare |     Gut Harm (t=10)           -> D-MPNN (Chemprop) (0.8410)
2026-04-02 17:39:21 | INFO  | phase5_compare |     Gut Harm (t=20)           -> RF + Morgan FP (0.8798)
2026-04-02 17:39:21 | INFO  | phase5_compare | ============================================================
2026-04-02 17:39:21 | INFO  | phase5_compare |  COMPLETED: Phase 5: Cross-Model Comparative Analysis
2026-04-02 17:39:21 | INFO  | phase5_compare |  Elapsed: 0m 6.1s
2026-04-02 17:39:21 | INFO  | phase5_compare | ============================================================
2026-04-02 20:07:49 | INFO  | phase5_compare | Logging to file: /scratch/vishakha.agrawal/antibiotic-selectivity-v2/logs/phase5_compare.log
2026-04-02 20:07:49 | INFO  | phase5_compare | ============================================================
2026-04-02 20:07:49 | INFO  | phase5_compare |  STARTING: Phase 5: Cross-Model Comparative Analysis
2026-04-02 20:07:49 | INFO  | phase5_compare | ============================================================
2026-04-02 20:07:49 | INFO  | phase5_compare |   Loaded: rf (7 tasks)
2026-04-02 20:07:49 | INFO  | phase5_compare |   Loaded: dmpnn (7 tasks)
2026-04-02 20:07:49 | INFO  | phase5_compare |   Loaded: chemeleon_frozen (7 tasks)
2026-04-02 20:07:49 | INFO  | phase5_compare |   Loaded: molformer (7 tasks)
2026-04-02 20:07:49 | INFO  | phase5_compare | 
  Building comparison tables...
2026-04-02 20:07:49 | INFO  | phase5_compare |   Full metrics: 24 rows x 23 columns
2026-04-02 20:07:50 | INFO  | phase5_compare |   LaTeX table: /scratch/vishakha.agrawal/antibiotic-selectivity-v2/outputs/runs/run_20260315_034033/results/comparison_summary.tex
2026-04-02 20:07:50 | INFO  | phase5_compare | 
  Generating comparison plots...
2026-04-02 20:07:50 | INFO  | phase5_compare |   Saved: /scratch/vishakha.agrawal/antibiotic-selectivity-v2/outputs/runs/run_20260315_034033/results/figures/comparison_bar_mean_roc_auc.png
2026-04-02 20:07:51 | INFO  | phase5_compare |   Saved: /scratch/vishakha.agrawal/antibiotic-selectivity-v2/outputs/runs/run_20260315_034033/results/figures/comparison_bar_mean_pr_auc.png
2026-04-02 20:07:51 | INFO  | phase5_compare |   Saved: /scratch/vishakha.agrawal/antibiotic-selectivity-v2/outputs/runs/run_20260315_034033/results/figures/comparison_bar_mean_mcc.png
2026-04-02 20:07:53 | INFO  | phase5_compare |   Saved: /scratch/vishakha.agrawal/antibiotic-selectivity-v2/outputs/runs/run_20260315_034033/results/figures/comparison_3d_mean_roc_auc.html
2026-04-02 20:07:53 | INFO  | phase5_compare |   Saved: /scratch/vishakha.agrawal/antibiotic-selectivity-v2/outputs/runs/run_20260315_034033/results/figures/comparison_3d_mean_mcc.html
2026-04-02 20:07:56 | INFO  | phase5_compare | 
  Screening list overlap analysis...
2026-04-02 20:07:57 | INFO  | phase5_compare |   Screening overlap: /scratch/vishakha.agrawal/antibiotic-selectivity-v2/outputs/runs/run_20260315_034033/results/screening_overlap.csv
2026-04-02 20:07:57 | INFO  | phase5_compare | 
================================================================================
2026-04-02 20:07:57 | INFO  | phase5_compare |   COMPARISON SUMMARY
2026-04-02 20:07:57 | INFO  | phase5_compare | ================================================================================
2026-04-02 20:07:57 | INFO  | phase5_compare | 
  E. coli:
2026-04-02 20:07:57 | INFO  | phase5_compare |     RF + Morgan FP                      ROC-AUC = 0.8765 +/- 0.0107
2026-04-02 20:07:57 | INFO  | phase5_compare |     D-MPNN (Chemprop)                   ROC-AUC = 0.8525 +/- 0.0123
2026-04-02 20:07:57 | INFO  | phase5_compare |     CheMeleon (Frozen Enc.)             ROC-AUC = 0.8330 +/- 0.0113
2026-04-02 20:07:57 | INFO  | phase5_compare |     MoLFormer-XL (Transformer)          ROC-AUC = 0.8378 +/- 0.0178
2026-04-02 20:07:57 | INFO  | phase5_compare | 
  S. aureus:
2026-04-02 20:07:57 | INFO  | phase5_compare |     RF + Morgan FP                      ROC-AUC = 0.8708 +/- 0.0073
2026-04-02 20:07:57 | INFO  | phase5_compare |     D-MPNN (Chemprop)                   ROC-AUC = 0.8544 +/- 0.0125
2026-04-02 20:07:57 | INFO  | phase5_compare |     CheMeleon (Frozen Enc.)             ROC-AUC = 0.8311 +/- 0.0100
2026-04-02 20:07:57 | INFO  | phase5_compare |     MoLFormer-XL (Transformer)          ROC-AUC = 0.8346 +/- 0.0150
2026-04-02 20:07:57 | INFO  | phase5_compare | 
  P. aeruginosa:
2026-04-02 20:07:57 | INFO  | phase5_compare |     RF + Morgan FP                      ROC-AUC = 0.8610 +/- 0.0135
2026-04-02 20:07:57 | INFO  | phase5_compare |     D-MPNN (Chemprop)                   ROC-AUC = 0.8379 +/- 0.0131
2026-04-02 20:07:57 | INFO  | phase5_compare |     CheMeleon (Frozen Enc.)             ROC-AUC = 0.8204 +/- 0.0184
2026-04-02 20:07:57 | INFO  | phase5_compare |     MoLFormer-XL (Transformer)          ROC-AUC = 0.8275 +/- 0.0110
2026-04-02 20:07:57 | INFO  | phase5_compare | 
  M. tuberculosis:
2026-04-02 20:07:57 | INFO  | phase5_compare |     RF + Morgan FP                      ROC-AUC = 0.8112 +/- 0.0178
2026-04-02 20:07:57 | INFO  | phase5_compare |     D-MPNN (Chemprop)                   ROC-AUC = 0.7599 +/- 0.0232
2026-04-02 20:07:57 | INFO  | phase5_compare |     CheMeleon (Frozen Enc.)             ROC-AUC = 0.7620 +/- 0.0129
2026-04-02 20:07:57 | INFO  | phase5_compare |     MoLFormer-XL (Transformer)          ROC-AUC = 0.7640 +/- 0.0177
2026-04-02 20:07:57 | INFO  | phase5_compare | 
  Gut Harm (t=10):
2026-04-02 20:07:57 | INFO  | phase5_compare |     RF + Morgan FP                      ROC-AUC = 0.8232 +/- 0.0898
2026-04-02 20:07:57 | INFO  | phase5_compare |     D-MPNN (Chemprop)                   ROC-AUC = 0.8410 +/- 0.0391
2026-04-02 20:07:57 | INFO  | phase5_compare |     CheMeleon (Frozen Enc.)             ROC-AUC = 0.8122 +/- 0.0709
2026-04-02 20:07:57 | INFO  | phase5_compare |     MoLFormer-XL (Transformer)          ROC-AUC = 0.8219 +/- 0.0640
2026-04-02 20:07:57 | INFO  | phase5_compare | 
  Gut Harm (t=15):
2026-04-02 20:07:57 | INFO  | phase5_compare | 
  Gut Harm (t=20):
2026-04-02 20:07:57 | INFO  | phase5_compare |     RF + Morgan FP                      ROC-AUC = 0.8798 +/- 0.0500
2026-04-02 20:07:57 | INFO  | phase5_compare |     D-MPNN (Chemprop)                   ROC-AUC = 0.8776 +/- 0.0716
2026-04-02 20:07:57 | INFO  | phase5_compare |     CheMeleon (Frozen Enc.)             ROC-AUC = 0.8581 +/- 0.0759
2026-04-02 20:07:57 | INFO  | phase5_compare |     MoLFormer-XL (Transformer)          ROC-AUC = 0.8616 +/- 0.0665
2026-04-02 20:07:57 | INFO  | phase5_compare | 
  BEST MODEL PER TASK (by ROC-AUC):
2026-04-02 20:07:57 | INFO  | phase5_compare |     E. coli                   -> RF + Morgan FP (0.8765)
2026-04-02 20:07:57 | INFO  | phase5_compare |     S. aureus                 -> RF + Morgan FP (0.8708)
2026-04-02 20:07:57 | INFO  | phase5_compare |     P. aeruginosa             -> RF + Morgan FP (0.8610)
2026-04-02 20:07:57 | INFO  | phase5_compare |     M. tuberculosis           -> RF + Morgan FP (0.8112)
2026-04-02 20:07:57 | INFO  | phase5_compare |     Gut Harm (t=10)           -> D-MPNN (Chemprop) (0.8410)
2026-04-02 20:07:57 | INFO  | phase5_compare |     Gut Harm (t=20)           -> RF + Morgan FP (0.8798)
2026-04-02 20:07:57 | INFO  | phase5_compare | ============================================================
2026-04-02 20:07:57 | INFO  | phase5_compare |  COMPLETED: Phase 5: Cross-Model Comparative Analysis
2026-04-02 20:07:57 | INFO  | phase5_compare |  Elapsed: 0m 8.3s
2026-04-02 20:07:57 | INFO  | phase5_compare | ============================================================
2026-04-05 17:42:15 | INFO  | phase5_compare | Logging to file: /scratch/vishakha.agrawal/antibiotic-selectivity-v2/logs/phase5_compare.log
2026-04-05 17:42:15 | INFO  | phase5_compare | ============================================================
2026-04-05 17:42:15 | INFO  | phase5_compare |  STARTING: Phase 5: Cross-Model Comparative Analysis
2026-04-05 17:42:15 | INFO  | phase5_compare | ============================================================
2026-04-05 17:42:15 | INFO  | phase5_compare |   Loaded: rf (7 tasks)
2026-04-05 17:42:15 | INFO  | phase5_compare |   Loaded: dmpnn (7 tasks)
2026-04-05 17:42:15 | INFO  | phase5_compare |   Loaded: chemeleon_frozen (7 tasks)
2026-04-05 17:42:16 | INFO  | phase5_compare |   Loaded: molformer (7 tasks)
2026-04-05 17:42:16 | INFO  | phase5_compare |   Loaded: dmpnn_rdkit (7 tasks)
2026-04-05 17:42:16 | INFO  | phase5_compare | 
  Building comparison tables...
2026-04-05 17:42:16 | INFO  | phase5_compare |   Full metrics: 30 rows x 23 columns
2026-04-05 17:42:16 | INFO  | phase5_compare |   LaTeX table: /scratch/vishakha.agrawal/antibiotic-selectivity-v2/outputs/runs/run_20260315_034033/results/comparison_summary.tex
2026-04-05 17:42:16 | INFO  | phase5_compare | 
  Generating comparison plots...
2026-04-05 17:42:16 | INFO  | phase5_compare |   Saved: /scratch/vishakha.agrawal/antibiotic-selectivity-v2/outputs/runs/run_20260315_034033/results/figures/comparison_bar_mean_roc_auc.png
2026-04-05 17:42:17 | INFO  | phase5_compare |   Saved: /scratch/vishakha.agrawal/antibiotic-selectivity-v2/outputs/runs/run_20260315_034033/results/figures/comparison_bar_mean_pr_auc.png
2026-04-05 17:42:18 | INFO  | phase5_compare |   Saved: /scratch/vishakha.agrawal/antibiotic-selectivity-v2/outputs/runs/run_20260315_034033/results/figures/comparison_bar_mean_mcc.png
2026-04-05 17:42:19 | INFO  | phase5_compare |   Saved: /scratch/vishakha.agrawal/antibiotic-selectivity-v2/outputs/runs/run_20260315_034033/results/figures/comparison_3d_mean_roc_auc.html
2026-04-05 17:42:19 | INFO  | phase5_compare |   Saved: /scratch/vishakha.agrawal/antibiotic-selectivity-v2/outputs/runs/run_20260315_034033/results/figures/comparison_3d_mean_mcc.html
2026-04-05 17:42:22 | INFO  | phase5_compare | 
  Screening list overlap analysis...
2026-04-05 17:42:24 | INFO  | phase5_compare |   Screening overlap: /scratch/vishakha.agrawal/antibiotic-selectivity-v2/outputs/runs/run_20260315_034033/results/screening_overlap.csv
2026-04-05 17:42:24 | INFO  | phase5_compare | 
================================================================================
2026-04-05 17:42:24 | INFO  | phase5_compare |   COMPARISON SUMMARY
2026-04-05 17:42:24 | INFO  | phase5_compare | ================================================================================
2026-04-05 17:42:24 | INFO  | phase5_compare | 
  E. coli:
2026-04-05 17:42:24 | INFO  | phase5_compare |     RF + Morgan FP                      ROC-AUC = 0.8765 +/- 0.0107
2026-04-05 17:42:24 | INFO  | phase5_compare |     D-MPNN (Chemprop)                   ROC-AUC = 0.8525 +/- 0.0123
2026-04-05 17:42:24 | INFO  | phase5_compare |     CheMeleon (Frozen Enc.)             ROC-AUC = 0.8330 +/- 0.0113
2026-04-05 17:42:24 | INFO  | phase5_compare |     MoLFormer-XL (Transformer)          ROC-AUC = 0.8378 +/- 0.0178
2026-04-05 17:42:24 | INFO  | phase5_compare |     D-MPNN+RDKit (Stokes)               ROC-AUC = 0.8408 +/- 0.0137
2026-04-05 17:42:24 | INFO  | phase5_compare | 
  S. aureus:
2026-04-05 17:42:24 | INFO  | phase5_compare |     RF + Morgan FP                      ROC-AUC = 0.8708 +/- 0.0073
2026-04-05 17:42:24 | INFO  | phase5_compare |     D-MPNN (Chemprop)                   ROC-AUC = 0.8544 +/- 0.0125
2026-04-05 17:42:24 | INFO  | phase5_compare |     CheMeleon (Frozen Enc.)             ROC-AUC = 0.8311 +/- 0.0100
2026-04-05 17:42:24 | INFO  | phase5_compare |     MoLFormer-XL (Transformer)          ROC-AUC = 0.8346 +/- 0.0150
2026-04-05 17:42:24 | INFO  | phase5_compare |     D-MPNN+RDKit (Stokes)               ROC-AUC = 0.8386 +/- 0.0089
2026-04-05 17:42:24 | INFO  | phase5_compare | 
  P. aeruginosa:
2026-04-05 17:42:24 | INFO  | phase5_compare |     RF + Morgan FP                      ROC-AUC = 0.8610 +/- 0.0135
2026-04-05 17:42:24 | INFO  | phase5_compare |     D-MPNN (Chemprop)                   ROC-AUC = 0.8379 +/- 0.0131
2026-04-05 17:42:24 | INFO  | phase5_compare |     CheMeleon (Frozen Enc.)             ROC-AUC = 0.8204 +/- 0.0184
2026-04-05 17:42:24 | INFO  | phase5_compare |     MoLFormer-XL (Transformer)          ROC-AUC = 0.8275 +/- 0.0110
2026-04-05 17:42:24 | INFO  | phase5_compare |     D-MPNN+RDKit (Stokes)               ROC-AUC = 0.8233 +/- 0.0141
2026-04-05 17:42:24 | INFO  | phase5_compare | 
  M. tuberculosis:
2026-04-05 17:42:24 | INFO  | phase5_compare |     RF + Morgan FP                      ROC-AUC = 0.8112 +/- 0.0178
2026-04-05 17:42:24 | INFO  | phase5_compare |     D-MPNN (Chemprop)                   ROC-AUC = 0.7599 +/- 0.0232
2026-04-05 17:42:24 | INFO  | phase5_compare |     CheMeleon (Frozen Enc.)             ROC-AUC = 0.7620 +/- 0.0129
2026-04-05 17:42:24 | INFO  | phase5_compare |     MoLFormer-XL (Transformer)          ROC-AUC = 0.7640 +/- 0.0177
2026-04-05 17:42:24 | INFO  | phase5_compare |     D-MPNN+RDKit (Stokes)               ROC-AUC = 0.7376 +/- 0.0309
2026-04-05 17:42:24 | INFO  | phase5_compare | 
  Gut Harm (t=10):
2026-04-05 17:42:24 | INFO  | phase5_compare |     RF + Morgan FP                      ROC-AUC = 0.8232 +/- 0.0898
2026-04-05 17:42:24 | INFO  | phase5_compare |     D-MPNN (Chemprop)                   ROC-AUC = 0.8410 +/- 0.0391
2026-04-05 17:42:24 | INFO  | phase5_compare |     CheMeleon (Frozen Enc.)             ROC-AUC = 0.8122 +/- 0.0709
2026-04-05 17:42:24 | INFO  | phase5_compare |     MoLFormer-XL (Transformer)          ROC-AUC = 0.8219 +/- 0.0640
2026-04-05 17:42:24 | INFO  | phase5_compare |     D-MPNN+RDKit (Stokes)               ROC-AUC = 0.8286 +/- 0.0910
2026-04-05 17:42:24 | INFO  | phase5_compare | 
  Gut Harm (t=15):
2026-04-05 17:42:24 | INFO  | phase5_compare | 
  Gut Harm (t=20):
2026-04-05 17:42:24 | INFO  | phase5_compare |     RF + Morgan FP                      ROC-AUC = 0.8798 +/- 0.0500
2026-04-05 17:42:24 | INFO  | phase5_compare |     D-MPNN (Chemprop)                   ROC-AUC = 0.8776 +/- 0.0716
2026-04-05 17:42:24 | INFO  | phase5_compare |     CheMeleon (Frozen Enc.)             ROC-AUC = 0.8581 +/- 0.0759
2026-04-05 17:42:24 | INFO  | phase5_compare |     MoLFormer-XL (Transformer)          ROC-AUC = 0.8616 +/- 0.0665
2026-04-05 17:42:24 | INFO  | phase5_compare |     D-MPNN+RDKit (Stokes)               ROC-AUC = 0.8559 +/- 0.1117
2026-04-05 17:42:24 | INFO  | phase5_compare | 
  BEST MODEL PER TASK (by ROC-AUC):
2026-04-05 17:42:24 | INFO  | phase5_compare |     E. coli                   -> RF + Morgan FP (0.8765)
2026-04-05 17:42:24 | INFO  | phase5_compare |     S. aureus                 -> RF + Morgan FP (0.8708)
2026-04-05 17:42:24 | INFO  | phase5_compare |     P. aeruginosa             -> RF + Morgan FP (0.8610)
2026-04-05 17:42:24 | INFO  | phase5_compare |     M. tuberculosis           -> RF + Morgan FP (0.8112)
2026-04-05 17:42:24 | INFO  | phase5_compare |     Gut Harm (t=10)           -> D-MPNN (Chemprop) (0.8410)
2026-04-05 17:42:24 | INFO  | phase5_compare |     Gut Harm (t=20)           -> RF + Morgan FP (0.8798)
2026-04-05 17:42:24 | INFO  | phase5_compare | ============================================================
2026-04-05 17:42:24 | INFO  | phase5_compare |  COMPLETED: Phase 5: Cross-Model Comparative Analysis
2026-04-05 17:42:24 | INFO  | phase5_compare |  Elapsed: 0m 8.9s
2026-04-05 17:42:24 | INFO  | phase5_compare | ============================================================
2026-04-05 20:31:33 | INFO  | phase5_compare | Logging to file: /scratch/vishakha.agrawal/antibiotic-selectivity-v2/logs/phase5_compare.log
2026-04-05 20:31:33 | INFO  | phase5_compare | ============================================================
2026-04-05 20:31:33 | INFO  | phase5_compare |  STARTING: Phase 5: Cross-Model Comparative Analysis
2026-04-05 20:31:33 | INFO  | phase5_compare | ============================================================
2026-04-05 20:31:33 | INFO  | phase5_compare |   Loaded: rf (7 tasks)
2026-04-05 20:31:33 | INFO  | phase5_compare |   Loaded: dmpnn (7 tasks)
2026-04-05 20:31:33 | INFO  | phase5_compare |   Loaded: chemeleon_frozen (7 tasks)
2026-04-05 20:31:33 | INFO  | phase5_compare |   Loaded: molformer (7 tasks)
2026-04-05 20:31:34 | INFO  | phase5_compare |   Loaded: dmpnn_rdkit (7 tasks)
2026-04-05 20:31:34 | INFO  | phase5_compare | 
  Building comparison tables...
2026-04-05 20:31:34 | INFO  | phase5_compare |   Full metrics: 30 rows x 23 columns
2026-04-05 20:31:34 | INFO  | phase5_compare |   LaTeX table: /scratch/vishakha.agrawal/antibiotic-selectivity-v2/outputs/runs/run_20260315_034033/results/comparison_summary.tex
2026-04-05 20:31:34 | INFO  | phase5_compare | 
  Generating comparison plots...
2026-04-05 20:31:34 | INFO  | phase5_compare |   Saved: /scratch/vishakha.agrawal/antibiotic-selectivity-v2/outputs/runs/run_20260315_034033/results/figures/comparison_bar_mean_roc_auc.png
2026-04-05 20:31:35 | INFO  | phase5_compare |   Saved: /scratch/vishakha.agrawal/antibiotic-selectivity-v2/outputs/runs/run_20260315_034033/results/figures/comparison_bar_mean_pr_auc.png
2026-04-05 20:31:35 | INFO  | phase5_compare |   Saved: /scratch/vishakha.agrawal/antibiotic-selectivity-v2/outputs/runs/run_20260315_034033/results/figures/comparison_bar_mean_mcc.png
2026-04-05 20:31:37 | INFO  | phase5_compare |   Saved: /scratch/vishakha.agrawal/antibiotic-selectivity-v2/outputs/runs/run_20260315_034033/results/figures/comparison_3d_mean_roc_auc.html
2026-04-05 20:31:37 | INFO  | phase5_compare |   Saved: /scratch/vishakha.agrawal/antibiotic-selectivity-v2/outputs/runs/run_20260315_034033/results/figures/comparison_3d_mean_mcc.html
2026-04-05 20:31:40 | INFO  | phase5_compare | 
  Screening list overlap analysis...
2026-04-05 20:31:41 | INFO  | phase5_compare |   Screening overlap: /scratch/vishakha.agrawal/antibiotic-selectivity-v2/outputs/runs/run_20260315_034033/results/screening_overlap.csv
2026-04-05 20:31:41 | INFO  | phase5_compare | 
================================================================================
2026-04-05 20:31:41 | INFO  | phase5_compare |   COMPARISON SUMMARY
2026-04-05 20:31:41 | INFO  | phase5_compare | ================================================================================
2026-04-05 20:31:41 | INFO  | phase5_compare | 
  E. coli:
2026-04-05 20:31:41 | INFO  | phase5_compare |     RF + Morgan FP                      ROC-AUC = 0.8765 +/- 0.0107
2026-04-05 20:31:41 | INFO  | phase5_compare |     D-MPNN (Chemprop)                   ROC-AUC = 0.8525 +/- 0.0123
2026-04-05 20:31:41 | INFO  | phase5_compare |     CheMeleon (Frozen Enc.)             ROC-AUC = 0.8330 +/- 0.0113
2026-04-05 20:31:41 | INFO  | phase5_compare |     MoLFormer-XL (Transformer)          ROC-AUC = 0.8378 +/- 0.0178
2026-04-05 20:31:41 | INFO  | phase5_compare |     D-MPNN+RDKit (Stokes)               ROC-AUC = 0.8408 +/- 0.0137
2026-04-05 20:31:41 | INFO  | phase5_compare | 
  S. aureus:
2026-04-05 20:31:41 | INFO  | phase5_compare |     RF + Morgan FP                      ROC-AUC = 0.8708 +/- 0.0073
2026-04-05 20:31:41 | INFO  | phase5_compare |     D-MPNN (Chemprop)                   ROC-AUC = 0.8544 +/- 0.0125
2026-04-05 20:31:41 | INFO  | phase5_compare |     CheMeleon (Frozen Enc.)             ROC-AUC = 0.8311 +/- 0.0100
2026-04-05 20:31:41 | INFO  | phase5_compare |     MoLFormer-XL (Transformer)          ROC-AUC = 0.8346 +/- 0.0150
2026-04-05 20:31:41 | INFO  | phase5_compare |     D-MPNN+RDKit (Stokes)               ROC-AUC = 0.8386 +/- 0.0089
2026-04-05 20:31:41 | INFO  | phase5_compare | 
  P. aeruginosa:
2026-04-05 20:31:41 | INFO  | phase5_compare |     RF + Morgan FP                      ROC-AUC = 0.8610 +/- 0.0135
2026-04-05 20:31:41 | INFO  | phase5_compare |     D-MPNN (Chemprop)                   ROC-AUC = 0.8379 +/- 0.0131
2026-04-05 20:31:41 | INFO  | phase5_compare |     CheMeleon (Frozen Enc.)             ROC-AUC = 0.8204 +/- 0.0184
2026-04-05 20:31:41 | INFO  | phase5_compare |     MoLFormer-XL (Transformer)          ROC-AUC = 0.8275 +/- 0.0110
2026-04-05 20:31:41 | INFO  | phase5_compare |     D-MPNN+RDKit (Stokes)               ROC-AUC = 0.8233 +/- 0.0141
2026-04-05 20:31:41 | INFO  | phase5_compare | 
  M. tuberculosis:
2026-04-05 20:31:41 | INFO  | phase5_compare |     RF + Morgan FP                      ROC-AUC = 0.8112 +/- 0.0178
2026-04-05 20:31:41 | INFO  | phase5_compare |     D-MPNN (Chemprop)                   ROC-AUC = 0.7599 +/- 0.0232
2026-04-05 20:31:41 | INFO  | phase5_compare |     CheMeleon (Frozen Enc.)             ROC-AUC = 0.7620 +/- 0.0129
2026-04-05 20:31:41 | INFO  | phase5_compare |     MoLFormer-XL (Transformer)          ROC-AUC = 0.7640 +/- 0.0177
2026-04-05 20:31:41 | INFO  | phase5_compare |     D-MPNN+RDKit (Stokes)               ROC-AUC = 0.7376 +/- 0.0309
2026-04-05 20:31:41 | INFO  | phase5_compare | 
  Gut Harm (t=10):
2026-04-05 20:31:41 | INFO  | phase5_compare |     RF + Morgan FP                      ROC-AUC = 0.8232 +/- 0.0898
2026-04-05 20:31:41 | INFO  | phase5_compare |     D-MPNN (Chemprop)                   ROC-AUC = 0.8410 +/- 0.0391
2026-04-05 20:31:41 | INFO  | phase5_compare |     CheMeleon (Frozen Enc.)             ROC-AUC = 0.8122 +/- 0.0709
2026-04-05 20:31:41 | INFO  | phase5_compare |     MoLFormer-XL (Transformer)          ROC-AUC = 0.8219 +/- 0.0640
2026-04-05 20:31:41 | INFO  | phase5_compare |     D-MPNN+RDKit (Stokes)               ROC-AUC = 0.8286 +/- 0.0910
2026-04-05 20:31:41 | INFO  | phase5_compare | 
  Gut Harm (t=15):
2026-04-05 20:31:41 | INFO  | phase5_compare | 
  Gut Harm (t=20):
2026-04-05 20:31:41 | INFO  | phase5_compare |     RF + Morgan FP                      ROC-AUC = 0.8798 +/- 0.0500
2026-04-05 20:31:41 | INFO  | phase5_compare |     D-MPNN (Chemprop)                   ROC-AUC = 0.8776 +/- 0.0716
2026-04-05 20:31:41 | INFO  | phase5_compare |     CheMeleon (Frozen Enc.)             ROC-AUC = 0.8581 +/- 0.0759
2026-04-05 20:31:41 | INFO  | phase5_compare |     MoLFormer-XL (Transformer)          ROC-AUC = 0.8616 +/- 0.0665
2026-04-05 20:31:41 | INFO  | phase5_compare |     D-MPNN+RDKit (Stokes)               ROC-AUC = 0.8559 +/- 0.1117
2026-04-05 20:31:41 | INFO  | phase5_compare | 
  BEST MODEL PER TASK (by ROC-AUC):
2026-04-05 20:31:41 | INFO  | phase5_compare |     E. coli                   -> RF + Morgan FP (0.8765)
2026-04-05 20:31:41 | INFO  | phase5_compare |     S. aureus                 -> RF + Morgan FP (0.8708)
2026-04-05 20:31:41 | INFO  | phase5_compare |     P. aeruginosa             -> RF + Morgan FP (0.8610)
2026-04-05 20:31:41 | INFO  | phase5_compare |     M. tuberculosis           -> RF + Morgan FP (0.8112)
2026-04-05 20:31:41 | INFO  | phase5_compare |     Gut Harm (t=10)           -> D-MPNN (Chemprop) (0.8410)
2026-04-05 20:31:41 | INFO  | phase5_compare |     Gut Harm (t=20)           -> RF + Morgan FP (0.8798)
2026-04-05 20:31:41 | INFO  | phase5_compare | ============================================================
2026-04-05 20:31:41 | INFO  | phase5_compare |  COMPLETED: Phase 5: Cross-Model Comparative Analysis
2026-04-05 20:31:41 | INFO  | phase5_compare |  Elapsed: 0m 7.5s
2026-04-05 20:31:41 | INFO  | phase5_compare | ============================================================
